// Vitest Snapshot v1, https://vitest.dev/guide/snapshot.html

exports[`ProgramCard Component > matches the snapshot 1`] = `
{
  "asFragment": [Function],
  "baseElement": <body>
    <div>
      <button
        class="program-card"
        type="button"
      >
        <img
          alt="Test Program"
          class="program-card__image"
          src="http://localhost:4000/programs/test.jpg"
        />
        <div
          class="program-card__overlay"
        >
          <div
            class="program-card__header"
          >
            <div
              class="duration-label"
            >
              <span />
              <span>
                1 min
              </span>
            </div>
            <div
              class="flames-fitness-level-container"
            >
              <div
                class="flames-list"
              >
                <span />
              </div>
            </div>
          </div>
          <div
            class="program-card__title_container"
          >
            <h3
              class="program-card__title"
            >
              Test Program
            </h3>
          </div>
        </div>
      </button>
    </div>
  </body>,
  "container": <div>
    <button
      class="program-card"
      type="button"
    >
      <img
        alt="Test Program"
        class="program-card__image"
        src="http://localhost:4000/programs/test.jpg"
      />
      <div
        class="program-card__overlay"
      >
        <div
          class="program-card__header"
        >
          <div
            class="duration-label"
          >
            <span />
            <span>
              1 min
            </span>
          </div>
          <div
            class="flames-fitness-level-container"
          >
            <div
              class="flames-list"
            >
              <span />
            </div>
          </div>
        </div>
        <div
          class="program-card__title_container"
        >
          <h3
            class="program-card__title"
          >
            Test Program
          </h3>
        </div>
      </div>
    </button>
  </div>,
  "debug": [Function],
  "findAllByAltText": [Function],
  "findAllByDisplayValue": [Function],
  "findAllByLabelText": [Function],
  "findAllByPlaceholderText": [Function],
  "findAllByRole": [Function],
  "findAllByTestId": [Function],
  "findAllByText": [Function],
  "findAllByTitle": [Function],
  "findByAltText": [Function],
  "findByDisplayValue": [Function],
  "findByLabelText": [Function],
  "findByPlaceholderText": [Function],
  "findByRole": [Function],
  "findByTestId": [Function],
  "findByText": [Function],
  "findByTitle": [Function],
  "getAllByAltText": [Function],
  "getAllByDisplayValue": [Function],
  "getAllByLabelText": [Function],
  "getAllByPlaceholderText": [Function],
  "getAllByRole": [Function],
  "getAllByTestId": [Function],
  "getAllByText": [Function],
  "getAllByTitle": [Function],
  "getByAltText": [Function],
  "getByDisplayValue": [Function],
  "getByLabelText": [Function],
  "getByPlaceholderText": [Function],
  "getByRole": [Function],
  "getByTestId": [Function],
  "getByText": [Function],
  "getByTitle": [Function],
  "queryAllByAltText": [Function],
  "queryAllByDisplayValue": [Function],
  "queryAllByLabelText": [Function],
  "queryAllByPlaceholderText": [Function],
  "queryAllByRole": [Function],
  "queryAllByTestId": [Function],
  "queryAllByText": [Function],
  "queryAllByTitle": [Function],
  "queryByAltText": [Function],
  "queryByDisplayValue": [Function],
  "queryByLabelText": [Function],
  "queryByPlaceholderText": [Function],
  "queryByRole": [Function],
  "queryByTestId": [Function],
  "queryByText": [Function],
  "queryByTitle": [Function],
  "rerender": [Function],
  "unmount": [Function],
}
`;
