// Vitest Snapshot v1, https://vitest.dev/guide/snapshot.html

exports[`GenderSelectView > renders the GenderSelectView component 1`] = `
{
  "asFragment": [Function],
  "baseElement": <body>
    <div>
      <section
        class="gender-select-view"
      >
        <button
          class="gender-select-view__exit"
          type="button"
        >
          <img
            alt="Close"
            src="/src/assets/icons/blue-cross.svg"
          />
        </button>
        <p
          class="gender-select-view__question"
        >
          YOUR_ARE
        </p>
        <div
          class="swiper swiper-coverflow swiper-3d swiper-initialized swiper-horizontal swiper-watch-progress gender-select-view__swiper-container"
          style="height: 70vh;"
        >
          <div
            class="swiper-wrapper"
            style="cursor: grab; transition-duration: 0ms; transition-delay: 0ms; transform: translate3d(NaNpx, 0px, 0px);"
          >
            <div
              class="swiper-slide"
              style="height: 100%;"
            >
              <img
                alt="GIRL"
                class="gender-select-view__swiper-container__img"
                src="/src/assets/images/girl2.svg"
                style="height: 100%; object-fit: contain;"
              />
              <p
                class="gender-select-view__swiper-container__content"
              >
                GIRL
              </p>
            </div>
            <div
              class="swiper-slide"
              style="height: 100%;"
            >
              <img
                alt="MEN"
                class="gender-select-view__swiper-container__img"
                src="/src/assets/images/men.svg"
                style="height: 100%; object-fit: contain;"
              />
              <p
                class="gender-select-view__swiper-container__content"
              >
                MEN
              </p>
            </div>
            <div
              class="swiper-slide"
              style="height: 100%;"
            >
              <img
                alt="OTHER"
                class="gender-select-view__swiper-container__img"
                src="/src/assets/images/other-sex.svg"
                style="height: 100%; object-fit: contain;"
              />
              <p
                class="gender-select-view__swiper-container__content"
              >
                OTHER
              </p>
            </div>
            <div
              class="swiper-slide"
              style="height: 100%;"
            >
              <img
                alt="NOT_WISH_TO_ANSWER"
                class="gender-select-view__swiper-container__img"
                src="/src/assets/images/no-answer-sex.svg"
                style="height: 100%; object-fit: contain;"
              />
              <p
                class="gender-select-view__swiper-container__content"
              >
                NOT_WISH_TO_ANSWER
              </p>
            </div>
          </div>
        </div>
        <button
          class="basic-button gender-select-view__btn basic-button--basic"
          type="button"
        >
          NEXT
        </button>
        <p>
          Diapositive active : 
          1
        </p>
      </section>
      <section
        class="gender-select-view-d"
      >
        <div
          class="body-step-questions"
        >
          <div
            class="body-step-questions__header-d"
          >
            <div
              class="body-step-questions__header-d__logo"
            >
              <div
                class="little-logo little-logo--desktop"
              >
                <img
                  alt="Logo Pulse Form"
                  class="little-logo__img"
                  src="/src/assets/icons/mobile-logo.svg"
                />
                <p
                  class="little-logo__title little-logo__title--desktop"
                >
                  Pulse Form
                </p>
              </div>
            </div>
            <div
              class="body-step-questions__header-d__container"
            >
              <button
                class="body-step-questions__header-d__container__btn"
                type="button"
              >
                TEST_PROGRAM
              </button>
            </div>
          </div>
          <button
            class="body-step-questions__exit"
            type="button"
          >
            <img
              alt="Close"
              src="/src/assets/icons/blue-cross.svg"
            />
          </button>
          <h2
            class="body-step-questions__question"
          >
            YOUR_ARE
          </h2>
          <img
            alt="blob-girl"
            class="body-step-questions__blob-girl"
            src="/src/assets/images/blob-girl.svg"
          />
          <div
            class="body-step-questions__container"
          >
            <form
              action=""
              class="fitness-level-select-view__container__form"
            >
              <button
                class="basic-button fitness-level-select-view__container__form__btn basic-button--white basic-button--white--focus"
                type="button"
              >
                GIRL
              </button>
              <button
                class="basic-button fitness-level-select-view__container__form__btn basic-button--white basic-button--white--focus"
                type="button"
              >
                MEN
              </button>
              <button
                class="basic-button fitness-level-select-view__container__form__btn basic-button--white basic-button--white--focus"
                type="button"
              >
                OTHER
              </button>
              <button
                class="basic-button fitness-level-select-view__container__form__btn basic-button--white basic-button--white--focus"
                type="button"
              >
                NOT_WISH_TO_ANSWER
              </button>
              <button
                class="basic-button fitness-level-select-view__container__form__btn basic-button--basic"
                disabled=""
                type="submit"
              >
                NEXT
              </button>
              <p
                style="color: white;"
              >
                Diapositive active : 
                1
              </p>
            </form>
          </div>
          <div
            class="body-step-questions__container-d"
          >
            <div
              class="body-step-questions__container-d__question"
            >
              <img
                alt="sport"
                class="body-step-questions__container-d__question__img"
                src="/src/assets/images/step-img.svg"
              />
              <div
                class="body-step-questions__container-d__question__container"
              >
                <p
                  class="body-step-questions__container-d__question__container__label"
                >
                  MOTIVATIONAL_LABEL
                </p>
              </div>
            </div>
            <div
              class="body-step-questions__container-d__children"
            >
              <p
                class="body-step-questions__container-d__children__label"
              >
                YOUR_ARE
              </p>
              <form
                action=""
                class="fitness-level-select-view__container__form"
              >
                <button
                  class="basic-button fitness-level-select-view__container__form__btn basic-button--white basic-button--white--focus"
                  type="button"
                >
                  GIRL
                </button>
                <button
                  class="basic-button fitness-level-select-view__container__form__btn basic-button--white basic-button--white--focus"
                  type="button"
                >
                  MEN
                </button>
                <button
                  class="basic-button fitness-level-select-view__container__form__btn basic-button--white basic-button--white--focus"
                  type="button"
                >
                  OTHER
                </button>
                <button
                  class="basic-button fitness-level-select-view__container__form__btn basic-button--white basic-button--white--focus"
                  type="button"
                >
                  NOT_WISH_TO_ANSWER
                </button>
                <button
                  class="basic-button fitness-level-select-view__container__form__btn basic-button--basic"
                  disabled=""
                  type="submit"
                >
                  NEXT
                </button>
                <p
                  style="color: white;"
                >
                  Diapositive active : 
                  1
                </p>
              </form>
            </div>
          </div>
        </div>
      </section>
    </div>
  </body>,
  "container": <div>
    <section
      class="gender-select-view"
    >
      <button
        class="gender-select-view__exit"
        type="button"
      >
        <img
          alt="Close"
          src="/src/assets/icons/blue-cross.svg"
        />
      </button>
      <p
        class="gender-select-view__question"
      >
        YOUR_ARE
      </p>
      <div
        class="swiper swiper-coverflow swiper-3d swiper-initialized swiper-horizontal swiper-watch-progress gender-select-view__swiper-container"
        style="height: 70vh;"
      >
        <div
          class="swiper-wrapper"
          style="cursor: grab; transition-duration: 0ms; transition-delay: 0ms; transform: translate3d(NaNpx, 0px, 0px);"
        >
          <div
            class="swiper-slide"
            style="height: 100%;"
          >
            <img
              alt="GIRL"
              class="gender-select-view__swiper-container__img"
              src="/src/assets/images/girl2.svg"
              style="height: 100%; object-fit: contain;"
            />
            <p
              class="gender-select-view__swiper-container__content"
            >
              GIRL
            </p>
          </div>
          <div
            class="swiper-slide"
            style="height: 100%;"
          >
            <img
              alt="MEN"
              class="gender-select-view__swiper-container__img"
              src="/src/assets/images/men.svg"
              style="height: 100%; object-fit: contain;"
            />
            <p
              class="gender-select-view__swiper-container__content"
            >
              MEN
            </p>
          </div>
          <div
            class="swiper-slide"
            style="height: 100%;"
          >
            <img
              alt="OTHER"
              class="gender-select-view__swiper-container__img"
              src="/src/assets/images/other-sex.svg"
              style="height: 100%; object-fit: contain;"
            />
            <p
              class="gender-select-view__swiper-container__content"
            >
              OTHER
            </p>
          </div>
          <div
            class="swiper-slide"
            style="height: 100%;"
          >
            <img
              alt="NOT_WISH_TO_ANSWER"
              class="gender-select-view__swiper-container__img"
              src="/src/assets/images/no-answer-sex.svg"
              style="height: 100%; object-fit: contain;"
            />
            <p
              class="gender-select-view__swiper-container__content"
            >
              NOT_WISH_TO_ANSWER
            </p>
          </div>
        </div>
      </div>
      <button
        class="basic-button gender-select-view__btn basic-button--basic"
        type="button"
      >
        NEXT
      </button>
      <p>
        Diapositive active : 
        1
      </p>
    </section>
    <section
      class="gender-select-view-d"
    >
      <div
        class="body-step-questions"
      >
        <div
          class="body-step-questions__header-d"
        >
          <div
            class="body-step-questions__header-d__logo"
          >
            <div
              class="little-logo little-logo--desktop"
            >
              <img
                alt="Logo Pulse Form"
                class="little-logo__img"
                src="/src/assets/icons/mobile-logo.svg"
              />
              <p
                class="little-logo__title little-logo__title--desktop"
              >
                Pulse Form
              </p>
            </div>
          </div>
          <div
            class="body-step-questions__header-d__container"
          >
            <button
              class="body-step-questions__header-d__container__btn"
              type="button"
            >
              TEST_PROGRAM
            </button>
          </div>
        </div>
        <button
          class="body-step-questions__exit"
          type="button"
        >
          <img
            alt="Close"
            src="/src/assets/icons/blue-cross.svg"
          />
        </button>
        <h2
          class="body-step-questions__question"
        >
          YOUR_ARE
        </h2>
        <img
          alt="blob-girl"
          class="body-step-questions__blob-girl"
          src="/src/assets/images/blob-girl.svg"
        />
        <div
          class="body-step-questions__container"
        >
          <form
            action=""
            class="fitness-level-select-view__container__form"
          >
            <button
              class="basic-button fitness-level-select-view__container__form__btn basic-button--white basic-button--white--focus"
              type="button"
            >
              GIRL
            </button>
            <button
              class="basic-button fitness-level-select-view__container__form__btn basic-button--white basic-button--white--focus"
              type="button"
            >
              MEN
            </button>
            <button
              class="basic-button fitness-level-select-view__container__form__btn basic-button--white basic-button--white--focus"
              type="button"
            >
              OTHER
            </button>
            <button
              class="basic-button fitness-level-select-view__container__form__btn basic-button--white basic-button--white--focus"
              type="button"
            >
              NOT_WISH_TO_ANSWER
            </button>
            <button
              class="basic-button fitness-level-select-view__container__form__btn basic-button--basic"
              disabled=""
              type="submit"
            >
              NEXT
            </button>
            <p
              style="color: white;"
            >
              Diapositive active : 
              1
            </p>
          </form>
        </div>
        <div
          class="body-step-questions__container-d"
        >
          <div
            class="body-step-questions__container-d__question"
          >
            <img
              alt="sport"
              class="body-step-questions__container-d__question__img"
              src="/src/assets/images/step-img.svg"
            />
            <div
              class="body-step-questions__container-d__question__container"
            >
              <p
                class="body-step-questions__container-d__question__container__label"
              >
                MOTIVATIONAL_LABEL
              </p>
            </div>
          </div>
          <div
            class="body-step-questions__container-d__children"
          >
            <p
              class="body-step-questions__container-d__children__label"
            >
              YOUR_ARE
            </p>
            <form
              action=""
              class="fitness-level-select-view__container__form"
            >
              <button
                class="basic-button fitness-level-select-view__container__form__btn basic-button--white basic-button--white--focus"
                type="button"
              >
                GIRL
              </button>
              <button
                class="basic-button fitness-level-select-view__container__form__btn basic-button--white basic-button--white--focus"
                type="button"
              >
                MEN
              </button>
              <button
                class="basic-button fitness-level-select-view__container__form__btn basic-button--white basic-button--white--focus"
                type="button"
              >
                OTHER
              </button>
              <button
                class="basic-button fitness-level-select-view__container__form__btn basic-button--white basic-button--white--focus"
                type="button"
              >
                NOT_WISH_TO_ANSWER
              </button>
              <button
                class="basic-button fitness-level-select-view__container__form__btn basic-button--basic"
                disabled=""
                type="submit"
              >
                NEXT
              </button>
              <p
                style="color: white;"
              >
                Diapositive active : 
                1
              </p>
            </form>
          </div>
        </div>
      </div>
    </section>
  </div>,
  "debug": [Function],
  "findAllByAltText": [Function],
  "findAllByDisplayValue": [Function],
  "findAllByLabelText": [Function],
  "findAllByPlaceholderText": [Function],
  "findAllByRole": [Function],
  "findAllByTestId": [Function],
  "findAllByText": [Function],
  "findAllByTitle": [Function],
  "findByAltText": [Function],
  "findByDisplayValue": [Function],
  "findByLabelText": [Function],
  "findByPlaceholderText": [Function],
  "findByRole": [Function],
  "findByTestId": [Function],
  "findByText": [Function],
  "findByTitle": [Function],
  "getAllByAltText": [Function],
  "getAllByDisplayValue": [Function],
  "getAllByLabelText": [Function],
  "getAllByPlaceholderText": [Function],
  "getAllByRole": [Function],
  "getAllByTestId": [Function],
  "getAllByText": [Function],
  "getAllByTitle": [Function],
  "getByAltText": [Function],
  "getByDisplayValue": [Function],
  "getByLabelText": [Function],
  "getByPlaceholderText": [Function],
  "getByRole": [Function],
  "getByTestId": [Function],
  "getByText": [Function],
  "getByTitle": [Function],
  "queryAllByAltText": [Function],
  "queryAllByDisplayValue": [Function],
  "queryAllByLabelText": [Function],
  "queryAllByPlaceholderText": [Function],
  "queryAllByRole": [Function],
  "queryAllByTestId": [Function],
  "queryAllByText": [Function],
  "queryAllByTitle": [Function],
  "queryByAltText": [Function],
  "queryByDisplayValue": [Function],
  "queryByLabelText": [Function],
  "queryByPlaceholderText": [Function],
  "queryByRole": [Function],
  "queryByTestId": [Function],
  "queryByText": [Function],
  "queryByTitle": [Function],
  "rerender": [Function],
  "unmount": [Function],
}
`;
