// Vitest Snapshot v1, https://vitest.dev/guide/snapshot.html

exports[`WeightChart > renders the WeightChart for require props 1`] = `
{
  "asFragment": [Function],
  "baseElement": <body>
    <div>
      <div
        style="width: 320px; height: 220px; position: relative;"
      >
        <div
          style="display: flex; justify-content: space-between; font-size: 18px; font-weight: bold; padding: 5px 10px;"
        >
          <span>
            WEIGHT
          </span>
        </div>
        <div
          class="recharts-responsive-container"
          style="width: 100%; height: 180px; min-width: 0;"
        />
      </div>
    </div>
  </body>,
  "container": <div>
    <div
      style="width: 320px; height: 220px; position: relative;"
    >
      <div
        style="display: flex; justify-content: space-between; font-size: 18px; font-weight: bold; padding: 5px 10px;"
      >
        <span>
          WEIGHT
        </span>
      </div>
      <div
        class="recharts-responsive-container"
        style="width: 100%; height: 180px; min-width: 0;"
      />
    </div>
  </div>,
  "debug": [Function],
  "findAllByAltText": [Function],
  "findAllByDisplayValue": [Function],
  "findAllByLabelText": [Function],
  "findAllByPlaceholderText": [Function],
  "findAllByRole": [Function],
  "findAllByTestId": [Function],
  "findAllByText": [Function],
  "findAllByTitle": [Function],
  "findByAltText": [Function],
  "findByDisplayValue": [Function],
  "findByLabelText": [Function],
  "findByPlaceholderText": [Function],
  "findByRole": [Function],
  "findByTestId": [Function],
  "findByText": [Function],
  "findByTitle": [Function],
  "getAllByAltText": [Function],
  "getAllByDisplayValue": [Function],
  "getAllByLabelText": [Function],
  "getAllByPlaceholderText": [Function],
  "getAllByRole": [Function],
  "getAllByTestId": [Function],
  "getAllByText": [Function],
  "getAllByTitle": [Function],
  "getByAltText": [Function],
  "getByDisplayValue": [Function],
  "getByLabelText": [Function],
  "getByPlaceholderText": [Function],
  "getByRole": [Function],
  "getByTestId": [Function],
  "getByText": [Function],
  "getByTitle": [Function],
  "queryAllByAltText": [Function],
  "queryAllByDisplayValue": [Function],
  "queryAllByLabelText": [Function],
  "queryAllByPlaceholderText": [Function],
  "queryAllByRole": [Function],
  "queryAllByTestId": [Function],
  "queryAllByText": [Function],
  "queryAllByTitle": [Function],
  "queryByAltText": [Function],
  "queryByDisplayValue": [Function],
  "queryByLabelText": [Function],
  "queryByPlaceholderText": [Function],
  "queryByRole": [Function],
  "queryByTestId": [Function],
  "queryByText": [Function],
  "queryByTitle": [Function],
  "rerender": [Function],
  "unmount": [Function],
}
`;

exports[`WeightChart > renders the WeightChart has not data 1`] = `
{
  "asFragment": [Function],
  "baseElement": <body>
    <div>
      <div
        style="width: 320px; height: 220px; position: relative;"
      >
        <div
          style="display: flex; justify-content: space-between; font-size: 18px; font-weight: bold; padding: 5px 10px;"
        >
          <span>
            WEIGHT
          </span>
        </div>
        <div
          class="recharts-responsive-container"
          style="width: 100%; height: 180px; min-width: 0;"
        />
      </div>
    </div>
  </body>,
  "container": <div>
    <div
      style="width: 320px; height: 220px; position: relative;"
    >
      <div
        style="display: flex; justify-content: space-between; font-size: 18px; font-weight: bold; padding: 5px 10px;"
      >
        <span>
          WEIGHT
        </span>
      </div>
      <div
        class="recharts-responsive-container"
        style="width: 100%; height: 180px; min-width: 0;"
      />
    </div>
  </div>,
  "debug": [Function],
  "findAllByAltText": [Function],
  "findAllByDisplayValue": [Function],
  "findAllByLabelText": [Function],
  "findAllByPlaceholderText": [Function],
  "findAllByRole": [Function],
  "findAllByTestId": [Function],
  "findAllByText": [Function],
  "findAllByTitle": [Function],
  "findByAltText": [Function],
  "findByDisplayValue": [Function],
  "findByLabelText": [Function],
  "findByPlaceholderText": [Function],
  "findByRole": [Function],
  "findByTestId": [Function],
  "findByText": [Function],
  "findByTitle": [Function],
  "getAllByAltText": [Function],
  "getAllByDisplayValue": [Function],
  "getAllByLabelText": [Function],
  "getAllByPlaceholderText": [Function],
  "getAllByRole": [Function],
  "getAllByTestId": [Function],
  "getAllByText": [Function],
  "getAllByTitle": [Function],
  "getByAltText": [Function],
  "getByDisplayValue": [Function],
  "getByLabelText": [Function],
  "getByPlaceholderText": [Function],
  "getByRole": [Function],
  "getByTestId": [Function],
  "getByText": [Function],
  "getByTitle": [Function],
  "queryAllByAltText": [Function],
  "queryAllByDisplayValue": [Function],
  "queryAllByLabelText": [Function],
  "queryAllByPlaceholderText": [Function],
  "queryAllByRole": [Function],
  "queryAllByTestId": [Function],
  "queryAllByText": [Function],
  "queryAllByTitle": [Function],
  "queryByAltText": [Function],
  "queryByDisplayValue": [Function],
  "queryByLabelText": [Function],
  "queryByPlaceholderText": [Function],
  "queryByRole": [Function],
  "queryByTestId": [Function],
  "queryByText": [Function],
  "queryByTitle": [Function],
  "rerender": [Function],
  "unmount": [Function],
}
`;

exports[`WeightChart > renders the WeightChart has not full data 1`] = `
{
  "asFragment": [Function],
  "baseElement": <body>
    <div>
      <div
        style="width: 320px; height: 220px; position: relative;"
      >
        <div
          style="display: flex; justify-content: space-between; font-size: 18px; font-weight: bold; padding: 5px 10px;"
        >
          <span>
            WEIGHT
          </span>
        </div>
        <div
          class="recharts-responsive-container"
          style="width: 100%; height: 180px; min-width: 0;"
        />
      </div>
    </div>
  </body>,
  "container": <div>
    <div
      style="width: 320px; height: 220px; position: relative;"
    >
      <div
        style="display: flex; justify-content: space-between; font-size: 18px; font-weight: bold; padding: 5px 10px;"
      >
        <span>
          WEIGHT
        </span>
      </div>
      <div
        class="recharts-responsive-container"
        style="width: 100%; height: 180px; min-width: 0;"
      />
    </div>
  </div>,
  "debug": [Function],
  "findAllByAltText": [Function],
  "findAllByDisplayValue": [Function],
  "findAllByLabelText": [Function],
  "findAllByPlaceholderText": [Function],
  "findAllByRole": [Function],
  "findAllByTestId": [Function],
  "findAllByText": [Function],
  "findAllByTitle": [Function],
  "findByAltText": [Function],
  "findByDisplayValue": [Function],
  "findByLabelText": [Function],
  "findByPlaceholderText": [Function],
  "findByRole": [Function],
  "findByTestId": [Function],
  "findByText": [Function],
  "findByTitle": [Function],
  "getAllByAltText": [Function],
  "getAllByDisplayValue": [Function],
  "getAllByLabelText": [Function],
  "getAllByPlaceholderText": [Function],
  "getAllByRole": [Function],
  "getAllByTestId": [Function],
  "getAllByText": [Function],
  "getAllByTitle": [Function],
  "getByAltText": [Function],
  "getByDisplayValue": [Function],
  "getByLabelText": [Function],
  "getByPlaceholderText": [Function],
  "getByRole": [Function],
  "getByTestId": [Function],
  "getByText": [Function],
  "getByTitle": [Function],
  "queryAllByAltText": [Function],
  "queryAllByDisplayValue": [Function],
  "queryAllByLabelText": [Function],
  "queryAllByPlaceholderText": [Function],
  "queryAllByRole": [Function],
  "queryAllByTestId": [Function],
  "queryAllByText": [Function],
  "queryAllByTitle": [Function],
  "queryByAltText": [Function],
  "queryByDisplayValue": [Function],
  "queryByLabelText": [Function],
  "queryByPlaceholderText": [Function],
  "queryByRole": [Function],
  "queryByTestId": [Function],
  "queryByText": [Function],
  "queryByTitle": [Function],
  "rerender": [Function],
  "unmount": [Function],
}
`;
