// Vitest Snapshot v1, https://vitest.dev/guide/snapshot.html

exports[`NotFoundPage > renders the NotFoundPage 1`] = `
{
  "asFragment": [Function],
  "baseElement": <body>
    <div>
      <section
        class="error-body-page"
      >
        <div
          class="error-body-page__main"
        >
          <img
            alt="blob404"
            class="error-body-page__main__img"
            src="/src/assets/images/blob-girl-404.svg"
          />
          <div
            class="error-body-page__main__content"
          >
            <div>
              <p>
                OOPS
              </p>
              <p>
                PAGE_NOT_FOUND
              </p>
              <p>
                TRY_TO_GO_BACK
              </p>
            </div>
            <button
              class="basic-button error-body-page__main__content__button basic-button--orange"
              type="button"
            >
              BACK_TO_HOME
            </button>
          </div>
        </div>
      </section>
    </div>
  </body>,
  "container": <div>
    <section
      class="error-body-page"
    >
      <div
        class="error-body-page__main"
      >
        <img
          alt="blob404"
          class="error-body-page__main__img"
          src="/src/assets/images/blob-girl-404.svg"
        />
        <div
          class="error-body-page__main__content"
        >
          <div>
            <p>
              OOPS
            </p>
            <p>
              PAGE_NOT_FOUND
            </p>
            <p>
              TRY_TO_GO_BACK
            </p>
          </div>
          <button
            class="basic-button error-body-page__main__content__button basic-button--orange"
            type="button"
          >
            BACK_TO_HOME
          </button>
        </div>
      </div>
    </section>
  </div>,
  "debug": [Function],
  "findAllByAltText": [Function],
  "findAllByDisplayValue": [Function],
  "findAllByLabelText": [Function],
  "findAllByPlaceholderText": [Function],
  "findAllByRole": [Function],
  "findAllByTestId": [Function],
  "findAllByText": [Function],
  "findAllByTitle": [Function],
  "findByAltText": [Function],
  "findByDisplayValue": [Function],
  "findByLabelText": [Function],
  "findByPlaceholderText": [Function],
  "findByRole": [Function],
  "findByTestId": [Function],
  "findByText": [Function],
  "findByTitle": [Function],
  "getAllByAltText": [Function],
  "getAllByDisplayValue": [Function],
  "getAllByLabelText": [Function],
  "getAllByPlaceholderText": [Function],
  "getAllByRole": [Function],
  "getAllByTestId": [Function],
  "getAllByText": [Function],
  "getAllByTitle": [Function],
  "getByAltText": [Function],
  "getByDisplayValue": [Function],
  "getByLabelText": [Function],
  "getByPlaceholderText": [Function],
  "getByRole": [Function],
  "getByTestId": [Function],
  "getByText": [Function],
  "getByTitle": [Function],
  "queryAllByAltText": [Function],
  "queryAllByDisplayValue": [Function],
  "queryAllByLabelText": [Function],
  "queryAllByPlaceholderText": [Function],
  "queryAllByRole": [Function],
  "queryAllByTestId": [Function],
  "queryAllByText": [Function],
  "queryAllByTitle": [Function],
  "queryByAltText": [Function],
  "queryByDisplayValue": [Function],
  "queryByLabelText": [Function],
  "queryByPlaceholderText": [Function],
  "queryByRole": [Function],
  "queryByTestId": [Function],
  "queryByText": [Function],
  "queryByTitle": [Function],
  "rerender": [Function],
  "unmount": [Function],
}
`;
